
> melann-lending@0.1.0 build
> next build

node.exe : ΓÜá `eslint` configuration in next.config.js is no longer supported. See more info here: https://nextjs.org/docs/app/api-reference/cli/next#next-lint-options
At line:1 char:1
+ & "C:\Program Files\nodejs/node.exe" "C:\Program Files\nodejs/node_mo ...
+ ~~~~~~~~~~~~~~~~~~~~~~~~~~~~~~~~~~~~~~~~~~~~~~~~~~~~~~~~~~~~~~~~~~~~~
    + CategoryInfo          : NotSpecified: (ΓÜá `eslint` co...xt-lint-options:String) [], RemoteException
    + FullyQualifiedErrorId : NativeCommandError
 
ΓÜá Invalid next.config.js options detected: 
ΓÜá     Unrecognized key(s) in object: 'eslint'
ΓÜá See more info here: https://nextjs.org/docs/messages/invalid-next-config
Γû▓ Next.js 16.1.6 (Turbopack)
- Environments: .env.local
- Experiments (use with caution):
  ┬╖ optimizePackageImports

  Creating an optimized production build ...
Γ¿» ERROR: This build is using Turbopack, with a `webpack` config and no `turbopack` config.
   This may be a mistake.

   As of Next.js 16 Turbopack is enabled by default and
   custom webpack configurations may need to be migrated to Turbopack.

   NOTE: your `webpack` config may have been added by a configuration plugin.

   To configure Turbopack, see https://nextjs.org/docs/app/api-reference/next-config-js/turbopack

   TIP: Many applications work fine under Turbopack with no configuration,
   if that is the case for you, you can silence this error by passing the
   `--turbopack` or `--webpack` flag explicitly or simply setting an 
   empty turbopack config in your Next config file (e.g. `turbopack: {}`).

> Build error occurred
Error: Call retries were exceeded
    at ignore-listed frames {
  type: 'WorkerError'
}
